---
source: tests/ui.rs
expression: "run_ouch(\"ouch compress input output2 --format .tar.gz\", dir)"
---
[INFO] Compressing 'input'.
[INFO] Successfully compressed 'output2'.

