---
source: tests/ui.rs
expression: "run_ouch(\"ouch compress input output --format .tar.$#!@.rest\", dir)"
---
[ERROR] Failed to parse `--format .tar.$#!@.rest`
 - Unsupported extension '$#!@'

hint: Supported extensions are: tar, zip, bz, bz2, gz, lz4, xz, lzma, sz, zst, rar, 7z
hint: Supported aliases are: tgz, tbz, tlz4, txz, tzlma, tsz, tzst
hint: 
hint: Examples:
hint:   --format tar
hint:   --format gz
hint:   --format tar.gz
