---
source: tests/ui.rs
expression: "run_ouch(\"ouch compress input output.gz\", dir)"
---
[INFO] Successfully compressed 'output.gz'.

