---
source: tests/ui.rs
expression: "run_ouch(\"ouch compress input output --format targz\", dir)"
---
[ERROR] Failed to parse `--format targz`
 - Unsupported extension 'targz'

hint: Supported extensions are: tar, zip, bz, bz2, bz3, gz, lz4, xz, lzma, sz, zst, rar, 7z
hint: Supported aliases are: tgz, tbz, tlz4, txz, tzlma, tsz, tzst, cbt, cbz, cb7, cbr
hint: 
hint: Examples:
hint:   --format tar
hint:   --format gz
hint:   --format tar.gz
